1	1	0	0
2	4	11	13
3	0	0	0
4	5	0	0
1	2	8	9
2	7	3	16